// Jest Snapshot v1, https://goo.gl/fbAQLP

exports[`Should render UserSmallCard component correctly 1`] = `
<article
  className="users-block__user-card-small user-card-small"
>
  <div
    className="user-card-small__image"
  >
    <img
      alt="Bret"
      className="user-card-small__user-image"
      src="./img/content/no-user.png"
    />
    <div>
      <p
        className="user-card-small__name"
      >
        Leanne Graham
      </p>
    </div>
  </div>
  <div
    className="user-card-small__user-info"
  >
    <ul
      className="user-card-small__info-list"
    >
      <li
        className="user-card-small__item"
      >
        <p
          className="user-card-small__text"
        >
          Username:
        </p>
        <a
          className="user-card-small__link"
          href="/user/1"
          onClick={[Function]}
        >
          Bret
        </a>
      </li>
      <li
        className="user-card-small__item"
      >
        <p
          className="user-card-small__text"
        >
          Email:
        </p>
        <a
          className="user-card-small__link"
          href="mailto:Sincere@april.biz"
        >
          Sincere@april.biz
        </a>
      </li>
      <li
        className="user-card-small__item"
      >
        <p
          className="user-card-small__text"
        >
          Phone:
        </p>
        <a
          className="user-card-small__link"
          href="tel:1-770-736-8031 x56442"
        >
          1-770-736-8031 x56442
        </a>
      </li>
      <li
        className="user-card-small__item"
      >
        <p
          className="user-card-small__text"
        >
          Website:
        </p>
        <a
          className="user-card-small__link"
          href="hildegard.org"
        >
          hildegard.org
        </a>
      </li>
    </ul>
  </div>
</article>
`;
