// Jest Snapshot v1, https://goo.gl/fbAQLP

exports[`Should render AddPostScreen component correctly 1`] = `
Array [
  <header
    className="page-header"
  >
    <div
      className="page-header__wrapper"
    >
      <a
        className="page-header__logo"
        href="/"
        onClick={[Function]}
      >
        Chirrup
      </a>
      <nav
        className="main-nav"
      >
        <ul
          className="main-nav__list"
        >
          <li
            className="main-nav__item"
          >
            <a
              className="main-nav__link main-nav__link--active"
              href="/"
              onClick={[Function]}
            >
              <svg
                className="main-nav__icon"
              >
                <use
                  xlinkHref="#home-page"
                />
              </svg>
              <span
                className="main-nav__text"
              >
                Main
              </span>
            </a>
          </li>
          <li
            className="main-nav__item"
          >
            <a
              className="main-nav__link"
              href="/users"
              onClick={[Function]}
            >
              <svg
                className="main-nav__icon"
              >
                <use
                  xlinkHref="#social-group"
                />
              </svg>
              <span
                className="main-nav__text"
              >
                Users
              </span>
            </a>
          </li>
          <li
            className="main-nav__item"
          >
            <a
              className="main-nav__link"
              href="/contacts"
              onClick={[Function]}
            >
              <svg
                className="main-nav__icon"
              >
                <use
                  xlinkHref="#message"
                />
              </svg>
              <span
                className="main-nav__text"
              >
                Contact us
              </span>
            </a>
          </li>
        </ul>
      </nav>
    </div>
  </header>,
  <main
    className="page-main"
  >
    <h1
      className="visually-hidden"
    >
      Add new post
    </h1>
    <section
      className="add-post"
    >
      <form
        className="add-post__form"
        onSubmit={[Function]}
      >
        <fieldset
          className="add-post__item post-info"
        >
          <legend
            className="visually-hidden"
          >
            Write title an post
          </legend>
          <p
            className="post-info__item"
          >
            <label
              className="post-info__label"
              htmlFor="post-title"
            >
              Post title
            </label>
            <input
              className="post-info__input"
              id="post-title"
              name="post-title"
              onChange={[Function]}
              placeholder="Title"
              required={true}
              type="text"
            />
          </p>
          <p
            className="post-info__item"
          >
            <label
              className="post-info__label"
              htmlFor="comment-field"
            >
              Text
            </label>
            <textarea
              className="post-info__input"
              id="comment-field"
              name="comment"
              onChange={[Function]}
              placeholder="Your post"
              rows="5"
            />
          </p>
        </fieldset>
        <button
          className="add-post__button"
          disabled={true}
          type="submit"
        >
          Submit
        </button>
      </form>
    </section>
  </main>,
  <footer
    className="page-footer"
  >
    <div
      className="page-footer__wrapper"
    >
      <a
        className="page-footer__logo"
        href="/"
        onClick={[Function]}
      >
        Chirrup
      </a>
      <div
        className="page-footer__copyright"
      >
        <p
          className="page-footer__text"
        >
          Â© 2020 Chirrup Ltd.
        </p>
      </div>
    </div>
  </footer>,
]
`;
