// Jest Snapshot v1, https://goo.gl/fbAQLP

exports[`Should render ShowMoreButton component correctly 1`] = `
<button
  className="journal__button"
  onClick={[Function]}
  type="button"
>
  Show more
</button>
`;
